components/text-editor/editor.tsx(11,46): error TS2307: Cannot find module '@/lib/upload-utils' or its corresponding type declarations.
components/text-editor/editor.tsx(51,5): error TS17004: Cannot use JSX unless the '--jsx' flag is provided.
node_modules/.pnpm/@blocknote+react@0.47.2_@fl_35d5c85125f7996c3e228762fa81f7a3/node_modules/@blocknote/react/types/src/components/Comments/Comment.d.ts(1,46): error TS2307: Cannot find module '@blocknote/core/comments' or its corresponding type declarations.
  There are types at 'D:/Projects/my-portfolio/node_modules/.pnpm/@blocknote+react@0.47.2_@fl_35d5c85125f7996c3e228762fa81f7a3/node_modules/@blocknote/core/types/src/comments/index.d.ts', but this result could not be resolved under your current 'moduleResolution' setting. Consider updating to 'node16', 'nodenext', or 'bundler'.
node_modules/.pnpm/@blocknote+react@0.47.2_@fl_35d5c85125f7996c3e228762fa81f7a3/node_modules/@blocknote/react/types/src/components/Comments/Comments.d.ts(1,28): error TS2307: Cannot find module '@blocknote/core/comments' or its corresponding type declarations.
  There are types at 'D:/Projects/my-portfolio/node_modules/.pnpm/@blocknote+react@0.47.2_@fl_35d5c85125f7996c3e228762fa81f7a3/node_modules/@blocknote/core/types/src/comments/index.d.ts', but this result could not be resolved under your current 'moduleResolution' setting. Consider updating to 'node16', 'nodenext', or 'bundler'.
node_modules/.pnpm/@blocknote+react@0.47.2_@fl_35d5c85125f7996c3e228762fa81f7a3/node_modules/@blocknote/react/types/src/components/Comments/Thread.d.ts(1,28): error TS2307: Cannot find module '@blocknote/core/comments' or its corresponding type declarations.
  There are types at 'D:/Projects/my-portfolio/node_modules/.pnpm/@blocknote+react@0.47.2_@fl_35d5c85125f7996c3e228762fa81f7a3/node_modules/@blocknote/core/types/src/comments/index.d.ts', but this result could not be resolved under your current 'moduleResolution' setting. Consider updating to 'node16', 'nodenext', or 'bundler'.
node_modules/.pnpm/@blocknote+react@0.47.2_@fl_35d5c85125f7996c3e228762fa81f7a3/node_modules/@blocknote/react/types/src/components/Comments/useThreads.d.ts(1,28): error TS2307: Cannot find module '@blocknote/core/comments' or its corresponding type declarations.
  There are types at 'D:/Projects/my-portfolio/node_modules/.pnpm/@blocknote+react@0.47.2_@fl_35d5c85125f7996c3e228762fa81f7a3/node_modules/@blocknote/core/types/src/comments/index.d.ts', but this result could not be resolved under your current 'moduleResolution' setting. Consider updating to 'node16', 'nodenext', or 'bundler'.
node_modules/.pnpm/@blocknote+react@0.47.2_@fl_35d5c85125f7996c3e228762fa81f7a3/node_modules/@blocknote/react/types/src/components/Comments/useUsers.d.ts(1,22): error TS2307: Cannot find module '@blocknote/core/comments' or its corresponding type declarations.
  There are types at 'D:/Projects/my-portfolio/node_modules/.pnpm/@blocknote+react@0.47.2_@fl_35d5c85125f7996c3e228762fa81f7a3/node_modules/@blocknote/core/types/src/comments/index.d.ts', but this result could not be resolved under your current 'moduleResolution' setting. Consider updating to 'node16', 'nodenext', or 'bundler'.
node_modules/.pnpm/@blocknote+react@0.47.2_@fl_35d5c85125f7996c3e228762fa81f7a3/node_modules/@blocknote/react/types/src/components/SuggestionMenu/GridSuggestionMenu/GridSuggestionMenuController.d.ts(1,39): error TS2307: Cannot find module '@blocknote/core/extensions' or its corresponding type declarations.
  There are types at 'D:/Projects/my-portfolio/node_modules/.pnpm/@blocknote+react@0.47.2_@fl_35d5c85125f7996c3e228762fa81f7a3/node_modules/@blocknote/core/types/src/extensions/index.d.ts', but this result could not be resolved under your current 'moduleResolution' setting. Consider updating to 'node16', 'nodenext', or 'bundler'.
node_modules/.pnpm/@blocknote+react@0.47.2_@fl_35d5c85125f7996c3e228762fa81f7a3/node_modules/@blocknote/react/types/src/components/SuggestionMenu/GridSuggestionMenu/types.d.ts(1,43): error TS2307: Cannot find module '@blocknote/core/extensions' or its corresponding type declarations.
  There are types at 'D:/Projects/my-portfolio/node_modules/.pnpm/@blocknote+react@0.47.2_@fl_35d5c85125f7996c3e228762fa81f7a3/node_modules/@blocknote/core/types/src/extensions/index.d.ts', but this result could not be resolved under your current 'moduleResolution' setting. Consider updating to 'node16', 'nodenext', or 'bundler'.
node_modules/.pnpm/@blocknote+react@0.47.2_@fl_35d5c85125f7996c3e228762fa81f7a3/node_modules/@blocknote/react/types/src/components/SuggestionMenu/hooks/useSuggestionMenuKeyboardHandler.d.ts(1,8): error TS1259: Module '"D:/Projects/my-portfolio/node_modules/.pnpm/@types+react@19.2.14/node_modules/@types/react/index"' can only be default-imported using the 'esModuleInterop' flag
node_modules/.pnpm/@blocknote+react@0.47.2_@fl_35d5c85125f7996c3e228762fa81f7a3/node_modules/@blocknote/react/types/src/components/SuggestionMenu/SuggestionMenuController.d.ts(1,39): error TS2307: Cannot find module '@blocknote/core/extensions' or its corresponding type declarations.
  There are types at 'D:/Projects/my-portfolio/node_modules/.pnpm/@blocknote+react@0.47.2_@fl_35d5c85125f7996c3e228762fa81f7a3/node_modules/@blocknote/core/types/src/extensions/index.d.ts', but this result could not be resolved under your current 'moduleResolution' setting. Consider updating to 'node16', 'nodenext', or 'bundler'.
node_modules/.pnpm/@blocknote+react@0.47.2_@fl_35d5c85125f7996c3e228762fa81f7a3/node_modules/@blocknote/react/types/src/components/SuggestionMenu/types.d.ts(1,39): error TS2307: Cannot find module '@blocknote/core/extensions' or its corresponding type declarations.
  There are types at 'D:/Projects/my-portfolio/node_modules/.pnpm/@blocknote+react@0.47.2_@fl_35d5c85125f7996c3e228762fa81f7a3/node_modules/@blocknote/core/types/src/extensions/index.d.ts', but this result could not be resolved under your current 'moduleResolution' setting. Consider updating to 'node16', 'nodenext', or 'bundler'.
node_modules/.pnpm/@blocknote+react@0.47.2_@fl_35d5c85125f7996c3e228762fa81f7a3/node_modules/@blocknote/react/types/src/editor/BlockNoteView.d.ts(2,8): error TS1259: Module '"D:/Projects/my-portfolio/node_modules/.pnpm/@types+react@19.2.14/node_modules/@types/react/index"' can only be default-imported using the 'esModuleInterop' flag
node_modules/.pnpm/@blocknote+react@0.47.2_@fl_35d5c85125f7996c3e228762fa81f7a3/node_modules/@blocknote/react/types/src/editor/ComponentsContext.d.ts(3,22): error TS2307: Cannot find module '@blocknote/core/comments' or its corresponding type declarations.
  There are types at 'D:/Projects/my-portfolio/node_modules/.pnpm/@blocknote+react@0.47.2_@fl_35d5c85125f7996c3e228762fa81f7a3/node_modules/@blocknote/core/types/src/comments/index.d.ts', but this result could not be resolved under your current 'moduleResolution' setting. Consider updating to 'node16', 'nodenext', or 'bundler'.
node_modules/.pnpm/react-hook-form@7.71.2_react@19.2.3/node_modules/react-hook-form/dist/form.d.ts(1,8): error TS1259: Module '"D:/Projects/my-portfolio/node_modules/.pnpm/@types+react@19.2.14/node_modules/@types/react/index"' can only be default-imported using the 'esModuleInterop' flag
node_modules/.pnpm/react-hook-form@7.71.2_react@19.2.3/node_modules/react-hook-form/dist/types/controller.d.ts(1,13): error TS1259: Module '"D:/Projects/my-portfolio/node_modules/.pnpm/@types+react@19.2.14/node_modules/@types/react/index"' can only be default-imported using the 'esModuleInterop' flag
node_modules/.pnpm/react-hook-form@7.71.2_react@19.2.3/node_modules/react-hook-form/dist/types/form.d.ts(1,13): error TS1259: Module '"D:/Projects/my-portfolio/node_modules/.pnpm/@types+react@19.2.14/node_modules/@types/react/index"' can only be default-imported using the 'esModuleInterop' flag
node_modules/.pnpm/react-hook-form@7.71.2_react@19.2.3/node_modules/react-hook-form/dist/useFormContext.d.ts(1,8): error TS1259: Module '"D:/Projects/my-portfolio/node_modules/.pnpm/@types+react@19.2.14/node_modules/@types/react/index"' can only be default-imported using the 'esModuleInterop' flag
